[2023-02-27T09:13:34.401+0300][gc,heap] Heap region size: 1M
[2023-02-27T09:13:34.410+0300][gc     ] Using G1
[2023-02-27T09:13:34.410+0300][gc,heap,coops] Heap address: 0x00000000e0000000, size: 512 MB, Compressed Oops mode: 32-bit
[2023-02-27T09:13:34.436+0300][gc           ] Periodic GC disabled
[2023-02-27T09:13:35.095+0300][gc,start     ] GC(0) Pause Young (Normal) (G1 Evacuation Pause)
[2023-02-27T09:13:35.096+0300][gc,task      ] GC(0) Using 4 workers of 4 for evacuation
[2023-02-27T09:13:35.100+0300][gc,phases    ] GC(0)   Pre Evacuate Collection Set: 0,0ms
[2023-02-27T09:13:35.100+0300][gc,phases    ] GC(0)   Evacuate Collection Set: 3,9ms
[2023-02-27T09:13:35.100+0300][gc,phases    ] GC(0)   Post Evacuate Collection Set: 0,3ms
[2023-02-27T09:13:35.100+0300][gc,phases    ] GC(0)   Other: 1,3ms
[2023-02-27T09:13:35.100+0300][gc,heap      ] GC(0) Eden regions: 25->0(21)
[2023-02-27T09:13:35.100+0300][gc,heap      ] GC(0) Survivor regions: 0->4(4)
[2023-02-27T09:13:35.100+0300][gc,heap      ] GC(0) Old regions: 0->4
[2023-02-27T09:13:35.100+0300][gc,heap      ] GC(0) Archive regions: 0->0
[2023-02-27T09:13:35.100+0300][gc,heap      ] GC(0) Humongous regions: 0->0
[2023-02-27T09:13:35.100+0300][gc,metaspace ] GC(0) Metaspace: 15026K->15026K(1062912K)
[2023-02-27T09:13:35.100+0300][gc           ] GC(0) Pause Young (Normal) (G1 Evacuation Pause) 25M->7M(512M) 5,630ms
[2023-02-27T09:13:35.100+0300][gc,cpu       ] GC(0) User=0,01s Sys=0,01s Real=0,01s
[2023-02-27T11:33:05.815+0300][gc,start     ] GC(1) Pause Young (Normal) (G1 Evacuation Pause)
[2023-02-27T11:33:05.815+0300][gc,task      ] GC(1) Using 4 workers of 4 for evacuation
[2023-02-27T11:33:05.827+0300][gc,phases    ] GC(1)   Pre Evacuate Collection Set: 0,0ms
[2023-02-27T11:33:05.827+0300][gc,phases    ] GC(1)   Evacuate Collection Set: 11,4ms
[2023-02-27T11:33:05.827+0300][gc,phases    ] GC(1)   Post Evacuate Collection Set: 0,8ms
[2023-02-27T11:33:05.827+0300][gc,phases    ] GC(1)   Other: 0,3ms
[2023-02-27T11:33:05.827+0300][gc,heap      ] GC(1) Eden regions: 21->0(24)
[2023-02-27T11:33:05.827+0300][gc,heap      ] GC(1) Survivor regions: 4->1(4)
[2023-02-27T11:33:05.827+0300][gc,heap      ] GC(1) Old regions: 4->8
[2023-02-27T11:33:05.827+0300][gc,heap      ] GC(1) Archive regions: 0->0
[2023-02-27T11:33:05.827+0300][gc,heap      ] GC(1) Humongous regions: 0->0
[2023-02-27T11:33:05.827+0300][gc,metaspace ] GC(1) Metaspace: 17129K->17129K(1064960K)
[2023-02-27T11:33:05.827+0300][gc           ] GC(1) Pause Young (Normal) (G1 Evacuation Pause) 28M->7M(512M) 12,799ms
[2023-02-27T11:33:05.827+0300][gc,cpu       ] GC(1) User=0,04s Sys=0,00s Real=0,02s
[2023-02-27T19:23:57.736+0300][gc,start     ] GC(2) Pause Young (Normal) (G1 Evacuation Pause)
[2023-02-27T19:23:57.736+0300][gc,task      ] GC(2) Using 4 workers of 4 for evacuation
[2023-02-27T19:23:57.742+0300][gc,phases    ] GC(2)   Pre Evacuate Collection Set: 0,1ms
[2023-02-27T19:23:57.742+0300][gc,phases    ] GC(2)   Evacuate Collection Set: 3,1ms
[2023-02-27T19:23:57.742+0300][gc,phases    ] GC(2)   Post Evacuate Collection Set: 2,2ms
[2023-02-27T19:23:57.742+0300][gc,phases    ] GC(2)   Other: 0,4ms
[2023-02-27T19:23:57.742+0300][gc,heap      ] GC(2) Eden regions: 24->0(24)
[2023-02-27T19:23:57.742+0300][gc,heap      ] GC(2) Survivor regions: 1->1(4)
[2023-02-27T19:23:57.742+0300][gc,heap      ] GC(2) Old regions: 8->8
[2023-02-27T19:23:57.742+0300][gc,heap      ] GC(2) Archive regions: 0->0
[2023-02-27T19:23:57.742+0300][gc,heap      ] GC(2) Humongous regions: 0->0
[2023-02-27T19:23:57.742+0300][gc,metaspace ] GC(2) Metaspace: 17142K->17142K(1064960K)
[2023-02-27T19:23:57.742+0300][gc           ] GC(2) Pause Young (Normal) (G1 Evacuation Pause) 31M->7M(512M) 6,145ms
[2023-02-27T19:23:57.743+0300][gc,cpu       ] GC(2) User=0,02s Sys=0,00s Real=0,01s
[2023-02-28T03:08:57.118+0300][gc,start     ] GC(3) Pause Young (Normal) (G1 Evacuation Pause)
[2023-02-28T03:08:57.119+0300][gc,task      ] GC(3) Using 4 workers of 4 for evacuation
[2023-02-28T03:08:57.122+0300][gc,phases    ] GC(3)   Pre Evacuate Collection Set: 0,0ms
[2023-02-28T03:08:57.122+0300][gc,phases    ] GC(3)   Evacuate Collection Set: 2,1ms
[2023-02-28T03:08:57.122+0300][gc,phases    ] GC(3)   Post Evacuate Collection Set: 1,0ms
[2023-02-28T03:08:57.122+0300][gc,phases    ] GC(3)   Other: 0,3ms
[2023-02-28T03:08:57.122+0300][gc,heap      ] GC(3) Eden regions: 24->0(24)
[2023-02-28T03:08:57.122+0300][gc,heap      ] GC(3) Survivor regions: 1->1(4)
[2023-02-28T03:08:57.122+0300][gc,heap      ] GC(3) Old regions: 8->8
[2023-02-28T03:08:57.122+0300][gc,heap      ] GC(3) Archive regions: 0->0
[2023-02-28T03:08:57.122+0300][gc,heap      ] GC(3) Humongous regions: 0->0
[2023-02-28T03:08:57.122+0300][gc,metaspace ] GC(3) Metaspace: 17142K->17142K(1064960K)
[2023-02-28T03:08:57.122+0300][gc           ] GC(3) Pause Young (Normal) (G1 Evacuation Pause) 31M->7M(512M) 3,881ms
[2023-02-28T03:08:57.122+0300][gc,cpu       ] GC(3) User=0,00s Sys=0,01s Real=0,00s
[2023-02-28T11:08:19.780+0300][gc,start     ] GC(4) Pause Young (Normal) (G1 Evacuation Pause)
[2023-02-28T11:08:19.780+0300][gc,task      ] GC(4) Using 4 workers of 4 for evacuation
[2023-02-28T11:08:19.784+0300][gc,phases    ] GC(4)   Pre Evacuate Collection Set: 0,0ms
[2023-02-28T11:08:19.784+0300][gc,phases    ] GC(4)   Evacuate Collection Set: 2,4ms
[2023-02-28T11:08:19.784+0300][gc,phases    ] GC(4)   Post Evacuate Collection Set: 0,9ms
[2023-02-28T11:08:19.784+0300][gc,phases    ] GC(4)   Other: 0,4ms
[2023-02-28T11:08:19.784+0300][gc,heap      ] GC(4) Eden regions: 24->0(24)
[2023-02-28T11:08:19.784+0300][gc,heap      ] GC(4) Survivor regions: 1->1(4)
[2023-02-28T11:08:19.784+0300][gc,heap      ] GC(4) Old regions: 8->8
[2023-02-28T11:08:19.784+0300][gc,heap      ] GC(4) Archive regions: 0->0
[2023-02-28T11:08:19.784+0300][gc,heap      ] GC(4) Humongous regions: 0->0
[2023-02-28T11:08:19.784+0300][gc,metaspace ] GC(4) Metaspace: 17158K->17158K(1064960K)
[2023-02-28T11:08:19.784+0300][gc           ] GC(4) Pause Young (Normal) (G1 Evacuation Pause) 31M->7M(512M) 4,109ms
[2023-02-28T11:08:19.784+0300][gc,cpu       ] GC(4) User=0,01s Sys=0,00s Real=0,00s
